// Jest Snapshot v1, https://goo.gl/fbAQLP

exports[`components#<SettingsForm /> Should be render 1`] = `
<div>
  <h2>
    Settings
  </h2>
  <h3>
    SVG 
    <small>
      svg transformer
    </small>
  </h3>
  <dripFormGroup(FieldGroup)
    label={null}
    messages={null}
    multiple={true}
    name="svgoPlugins"
    normalizers={null}
    shouldDisplayError={[Function]}
    validations={null}
    value={null}
  >
    <dripFormField(Checkbox)
      formatter={[Function]}
      label={null}
      messages={null}
      normalizers={null}
      onBlur={null}
      onChange={null}
      onFocus={null}
      parser={null}
      shouldDisplayError={[Function]}
      shouldDisplaySpinner={[Function]}
      validations={null}
      value="cleanupIDs"
    >
      Clean IDs
    </dripFormField(Checkbox)>
    <dripFormField(Checkbox)
      formatter={[Function]}
      label={null}
      messages={null}
      normalizers={null}
      onBlur={null}
      onChange={null}
      onFocus={null}
      parser={null}
      shouldDisplayError={[Function]}
      shouldDisplaySpinner={[Function]}
      validations={null}
      value="cleanupListOfValues"
    >
      Round / rewrite number lists
    </dripFormField(Checkbox)>
    <dripFormField(Checkbox)
      formatter={[Function]}
      label={null}
      messages={null}
      normalizers={null}
      onBlur={null}
      onChange={null}
      onFocus={null}
      parser={null}
      shouldDisplayError={[Function]}
      shouldDisplaySpinner={[Function]}
      validations={null}
      value="cleanupNumericValues"
    >
      Round / rewrite numbers
    </dripFormField(Checkbox)>
    <dripFormField(Checkbox)
      formatter={[Function]}
      label={null}
      messages={null}
      normalizers={null}
      onBlur={null}
      onChange={null}
      onFocus={null}
      parser={null}
      shouldDisplayError={[Function]}
      shouldDisplaySpinner={[Function]}
      validations={null}
      value="convertColors"
    >
      Minify colours
    </dripFormField(Checkbox)>
    <dripFormField(Checkbox)
      formatter={[Function]}
      label={null}
      messages={null}
      normalizers={null}
      onBlur={null}
      onChange={null}
      onFocus={null}
      parser={null}
      shouldDisplayError={[Function]}
      shouldDisplaySpinner={[Function]}
      validations={null}
      value="collapseGroups"
    >
      Collapse useless groups
    </dripFormField(Checkbox)>
    <dripFormField(Checkbox)
      formatter={[Function]}
      label={null}
      messages={null}
      normalizers={null}
      onBlur={null}
      onChange={null}
      onFocus={null}
      parser={null}
      shouldDisplayError={[Function]}
      shouldDisplaySpinner={[Function]}
      validations={null}
      value="convertPathData"
    >
      Round/rewrite paths
    </dripFormField(Checkbox)>
    <dripFormField(Checkbox)
      formatter={[Function]}
      label={null}
      messages={null}
      normalizers={null}
      onBlur={null}
      onChange={null}
      onFocus={null}
      parser={null}
      shouldDisplayError={[Function]}
      shouldDisplaySpinner={[Function]}
      validations={null}
      value="convertShapeToPath"
    >
      Shapes to (smaller) paths
    </dripFormField(Checkbox)>
    <dripFormField(Checkbox)
      formatter={[Function]}
      label={null}
      messages={null}
      normalizers={null}
      onBlur={null}
      onChange={null}
      onFocus={null}
      parser={null}
      shouldDisplayError={[Function]}
      shouldDisplaySpinner={[Function]}
      validations={null}
      value="mergePaths"
    >
      Merge paths
    </dripFormField(Checkbox)>
    <dripFormField(Checkbox)
      formatter={[Function]}
      label={null}
      messages={null}
      normalizers={null}
      onBlur={null}
      onChange={null}
      onFocus={null}
      parser={null}
      shouldDisplayError={[Function]}
      shouldDisplaySpinner={[Function]}
      validations={null}
      value="removeDesc"
    >
      Remove 
      <code>
        &lt;desc&gt;
      </code>
    </dripFormField(Checkbox)>
    <dripFormField(Checkbox)
      formatter={[Function]}
      label={null}
      messages={null}
      normalizers={null}
      onBlur={null}
      onChange={null}
      onFocus={null}
      parser={null}
      shouldDisplayError={[Function]}
      shouldDisplaySpinner={[Function]}
      validations={null}
      value="removeDoctype"
    >
      Remove doctype
    </dripFormField(Checkbox)>
    <dripFormField(Checkbox)
      formatter={[Function]}
      label={null}
      messages={null}
      normalizers={null}
      onBlur={null}
      onChange={null}
      onFocus={null}
      parser={null}
      shouldDisplayError={[Function]}
      shouldDisplaySpinner={[Function]}
      validations={null}
      value="removeEditorsNSData"
    >
      Remove editor data
    </dripFormField(Checkbox)>
    <dripFormField(Checkbox)
      formatter={[Function]}
      label={null}
      messages={null}
      normalizers={null}
      onBlur={null}
      onChange={null}
      onFocus={null}
      parser={null}
      shouldDisplayError={[Function]}
      shouldDisplaySpinner={[Function]}
      validations={null}
      value="removeEmptyAttrs"
    >
      Remove empty attrs
    </dripFormField(Checkbox)>
    <dripFormField(Checkbox)
      formatter={[Function]}
      label={null}
      messages={null}
      normalizers={null}
      onBlur={null}
      onChange={null}
      onFocus={null}
      parser={null}
      shouldDisplayError={[Function]}
      shouldDisplaySpinner={[Function]}
      validations={null}
      value="removeEmptyContainers"
    >
      Remove empty containers
    </dripFormField(Checkbox)>
    <dripFormField(Checkbox)
      formatter={[Function]}
      label={null}
      messages={null}
      normalizers={null}
      onBlur={null}
      onChange={null}
      onFocus={null}
      parser={null}
      shouldDisplayError={[Function]}
      shouldDisplaySpinner={[Function]}
      validations={null}
      value="removeEmptyText"
    >
      Remove empty text
    </dripFormField(Checkbox)>
    <dripFormField(Checkbox)
      formatter={[Function]}
      label={null}
      messages={null}
      normalizers={null}
      onBlur={null}
      onChange={null}
      onFocus={null}
      parser={null}
      shouldDisplayError={[Function]}
      shouldDisplaySpinner={[Function]}
      validations={null}
      value="removeHiddenElems"
    >
      Remove hidden elements
    </dripFormField(Checkbox)>
    <dripFormField(Checkbox)
      formatter={[Function]}
      label={null}
      messages={null}
      normalizers={null}
      onBlur={null}
      onChange={null}
      onFocus={null}
      parser={null}
      shouldDisplayError={[Function]}
      shouldDisplaySpinner={[Function]}
      validations={null}
      value="removeMetadata"
    >
      Remove 
      <code>
        &lt;metadata&gt;
      </code>
    </dripFormField(Checkbox)>
    <dripFormField(Checkbox)
      formatter={[Function]}
      label={null}
      messages={null}
      normalizers={null}
      onBlur={null}
      onChange={null}
      onFocus={null}
      parser={null}
      shouldDisplayError={[Function]}
      shouldDisplaySpinner={[Function]}
      validations={null}
      value="removeTitle"
    >
      Remove 
      <code>
        &lt;title&gt;
      </code>
    </dripFormField(Checkbox)>
    <dripFormField(Checkbox)
      formatter={[Function]}
      label={null}
      messages={null}
      normalizers={null}
      onBlur={null}
      onChange={null}
      onFocus={null}
      parser={null}
      shouldDisplayError={[Function]}
      shouldDisplaySpinner={[Function]}
      validations={null}
      value="removeUselessDefs"
    >
      Remove unused defs
    </dripFormField(Checkbox)>
    <dripFormField(Checkbox)
      formatter={[Function]}
      label={null}
      messages={null}
      normalizers={null}
      onBlur={null}
      onChange={null}
      onFocus={null}
      parser={null}
      shouldDisplayError={[Function]}
      shouldDisplaySpinner={[Function]}
      validations={null}
      value="removeUselessStrokeAndFill"
    >
      Remove useless stroke & fill
    </dripFormField(Checkbox)>
    <dripFormField(Checkbox)
      formatter={[Function]}
      label={null}
      messages={null}
      normalizers={null}
      onBlur={null}
      onChange={null}
      onFocus={null}
      parser={null}
      shouldDisplayError={[Function]}
      shouldDisplaySpinner={[Function]}
      validations={null}
      value="removeXMLProcInst"
    >
      Remove XML instructions
    </dripFormField(Checkbox)>
  </dripFormGroup(FieldGroup)>
  <h3>
    Editor 
    <small>
      powered by 
      <a
        href="https://github.com/securingsincity/react-ace"
      >
        react-ace
      </a>
    </small>
  </h3>
  <Flex
    mb={2}
    mx={-2}
  >
    <Box
      px={2}
      width={0.5}
    >
      <styled.div>
        <label
          htmlFor="editor-fontSize"
        >
          Font size
        </label>
        <dripFormField(Input)
          formatter={[Function]}
          id="editor-fontSize"
          label="Font size"
          messages={null}
          name="editor.fontSize"
          normalizers={null}
          onBlur={null}
          onChange={null}
          onFocus={null}
          parser={null}
          shouldDisplayError={[Function]}
          shouldDisplaySpinner={[Function]}
          type="number"
          validations={null}
        />
      </styled.div>
    </Box>
    <Box
      px={2}
      width={0.5}
    >
      <styled.div>
        <label
          htmlFor="editor-tabSize"
        >
          Tab size
        </label>
        <dripFormField(Input)
          formatter={[Function]}
          id="editor-tabSize"
          label="Tab size"
          messages={null}
          name="editor.tabSize"
          normalizers={null}
          onBlur={null}
          onChange={null}
          onFocus={null}
          parser={null}
          shouldDisplayError={[Function]}
          shouldDisplaySpinner={[Function]}
          type="number"
          validations={null}
        />
      </styled.div>
    </Box>
  </Flex>
  <dripFormField(Checkbox)
    formatter={[Function]}
    label={null}
    messages={null}
    name="editor.useSoftTabs"
    normalizers={null}
    onBlur={null}
    onChange={null}
    onFocus={null}
    parser={[Function]}
    shouldDisplayError={[Function]}
    shouldDisplaySpinner={[Function]}
    validations={null}
    value={true}
  >
    Soft tab
  </dripFormField(Checkbox)>
  <dripFormField(Checkbox)
    formatter={[Function]}
    label={null}
    messages={null}
    name="editor.showGutter"
    normalizers={null}
    onBlur={null}
    onChange={null}
    onFocus={null}
    parser={[Function]}
    shouldDisplayError={[Function]}
    shouldDisplaySpinner={[Function]}
    validations={null}
    value={true}
  >
    Show Line Numbers
  </dripFormField(Checkbox)>
</div>
`;
